2026-02-02 12:10:19,939 193911 WARNING ? odoo.tools.config: unknown option 'worker' in the config file at /opt/devs/apps-published/odoo19.conf, option stored as-is, without parsing 
2026-02-02 12:10:19,939 193911 WARNING ? odoo.tools.config: missing --http-interface/http_interface, using 0.0.0.0 by default, will change to 127.0.0.1 in 20.0 
2026-02-02 12:10:19,939 193911 INFO ? odoo: Odoo version 19.0 
2026-02-02 12:10:19,940 193911 INFO ? odoo: Using configuration file at /opt/devs/apps-published/odoo19.conf 
2026-02-02 12:10:19,940 193911 INFO ? odoo: addons paths: _NamespacePath(['/opt/devs/19.0/odoo/addons', '/home/bs617/.local/share/Odoo/addons/19.0', '/opt/devs/19.0/addons', '/opt/devs/apps-published']) 
2026-02-02 12:10:19,940 193911 INFO ? odoo: database: erp@localhost:5432 
2026-02-02 12:10:20,125 193911 INFO ? odoo.service.server: HTTP service (werkzeug) running on pop-os.localdomain:8989 
2026-02-02 12:10:20,151 193911 INFO lease_dev odoo.modules.loading: loading 1 modules... 
2026-02-02 12:10:20,154 193911 INFO lease_dev odoo.modules.loading: 1 modules loaded in 0.00s, 0 queries (+0 extra) 
2026-02-02 12:10:20,166 193911 INFO lease_dev odoo.modules.loading: loading 45 modules... 
2026-02-02 12:10:20,459 193911 INFO lease_dev odoo.modules.loading: 45 modules loaded in 0.29s, 0 queries (+0 extra) 
2026-02-02 12:10:20,584 193911 INFO lease_dev odoo.modules.loading: Modules loaded. 
2026-02-02 12:10:20,625 193911 INFO lease_dev odoo.registry: Registry loaded in 0.499s 
2026-02-02 12:11:20,772 193911 INFO lease_dev odoo.addons.base.models.ir_cron: Job 'Base: Auto-vacuum internal data' (1) starting 
2026-02-02 12:11:21,383 193911 INFO lease_dev odoo.addons.api_doc.models.ir_attachment: GC'd 0 /doc cached index 
2026-02-02 12:11:21,403 193911 INFO lease_dev odoo.addons.base.models.res_users: GC'd 0 user log entries 
2026-02-02 12:11:21,413 193911 INFO lease_dev odoo.addons.base.models.res_users: GC 'res.users.apikeys' delete 0 entries 
2026-02-02 12:11:21,423 193911 INFO lease_dev odoo.addons.base.models.res_device: GC device logs delete 0 entries 
2026-02-02 12:11:21,454 193911 INFO lease_dev odoo.addons.base.models.res_device: GC device logs delete 0 entries 
2026-02-02 12:11:21,632 193911 INFO lease_dev odoo.addons.base.models.res_users: GC 'auth_totp.device' delete 0 entries 
2026-02-02 12:11:21,736 193911 INFO lease_dev odoo.addons.sms.models.sms_sms: GC'd 0 sms marked for deletion 
2026-02-02 12:11:22,001 193911 INFO lease_dev odoo.addons.base.models.ir_attachment: filestore gc 414 checked, 0 removed 
2026-02-02 12:11:22,062 193911 INFO lease_dev odoo.addons.base.models.ir_cron: Job 'Base: Auto-vacuum internal data' (1) fully done (#loop 1; done 92; remaining 0; duration 1.29s) 
2026-02-02 12:11:22,079 193911 INFO lease_dev odoo.addons.base.models.ir_cron: Job 'Notification: Delete Notifications older than 6 Months' (5) starting 
2026-02-02 12:11:22,107 193911 INFO lease_dev odoo.addons.base.models.ir_cron: Job 'Notification: Delete Notifications older than 6 Months' (5) fully done (#loop 1; done 0; remaining 0; duration 0.03s) 
2026-02-02 12:11:22,115 193911 INFO lease_dev odoo.addons.base.models.ir_cron: Job 'Mail: Post scheduled messages' (7) starting 
2026-02-02 12:11:22,133 193911 INFO lease_dev odoo.addons.mail.models.mail_scheduled_message: Posting 0 scheduled messages 
2026-02-02 12:11:22,139 193911 INFO lease_dev odoo.addons.base.models.ir_cron: Job 'Mail: Post scheduled messages' (7) fully done (#loop 1; done 0; remaining 0; duration 0.02s) 
2026-02-02 12:11:22,148 193911 INFO lease_dev odoo.addons.base.models.ir_cron: Job 'Notification: Notify scheduled messages' (8) starting 
2026-02-02 12:11:22,171 193911 INFO lease_dev odoo.addons.base.models.ir_cron: Job 'Notification: Notify scheduled messages' (8) fully done (#loop 1; done 0; remaining 0; duration 0.02s) 
2026-02-02 12:11:22,180 193911 INFO lease_dev odoo.addons.base.models.ir_cron: Job 'Mail: send web push notification' (9) starting 
2026-02-02 12:11:22,198 193911 INFO lease_dev odoo.addons.base.models.ir_cron: Job 'Mail: send web push notification' (9) fully done (#loop 1; done 0; remaining 0; duration 0.02s) 
2026-02-02 12:11:22,205 193911 INFO lease_dev odoo.addons.base.models.ir_cron: Job 'Discuss: channel member unmute' (10) starting 
2026-02-02 12:11:22,218 193911 INFO lease_dev odoo.addons.base.models.ir_cron: Job 'Discuss: channel member unmute' (10) fully done (#loop 1; done 0; remaining 0; duration 0.01s) 
2026-02-02 12:11:22,225 193911 INFO lease_dev odoo.addons.base.models.ir_cron: Job 'SMS: SMS Queue Manager' (12) starting 
2026-02-02 12:11:22,248 193911 INFO lease_dev odoo.addons.base.models.ir_cron: Job 'SMS: SMS Queue Manager' (12) fully done (#loop 1; done 0; remaining 0; duration 0.02s) 
2026-02-02 12:11:22,256 193911 INFO lease_dev odoo.addons.base.models.ir_cron: Job 'Snailmail: process letters queue' (13) starting 
2026-02-02 12:11:22,277 193911 INFO lease_dev odoo.addons.base.models.ir_cron: Job 'Snailmail: process letters queue' (13) fully done (#loop 1; done 0; remaining 0; duration 0.02s) 
2026-02-02 12:11:22,285 193911 INFO lease_dev odoo.addons.base.models.ir_cron: Job 'Send invoices automatically' (17) starting 
2026-02-02 12:11:22,311 193911 INFO lease_dev odoo.addons.base.models.ir_cron: Job 'Send invoices automatically' (17) fully done (#loop 1; done 0; remaining 0; duration 0.03s) 
2026-02-02 12:11:22,318 193911 INFO lease_dev odoo.addons.base.models.ir_cron: Job 'Mail: Email Queue Manager' (3) starting 
2026-02-02 12:11:22,343 193911 INFO lease_dev odoo.addons.base.models.ir_cron: Job 'Mail: Email Queue Manager' (3) fully done (#loop 1; done 0; remaining 0; duration 0.03s) 
2026-02-02 12:11:22,351 193911 INFO lease_dev odoo.addons.base.models.ir_cron: Job 'Users: Notify About Unregistered Users' (11) starting 
2026-02-02 12:11:22,379 193911 INFO lease_dev odoo.addons.base.models.ir_cron: Job 'Users: Notify About Unregistered Users' (11) fully done (#loop 1; done 0; remaining 0; duration 0.03s) 
2026-02-02 12:11:22,386 193911 INFO lease_dev odoo.addons.base.models.ir_cron: Job 'Base: Portal Users Deletion' (2) starting 
2026-02-02 12:11:22,412 193911 INFO lease_dev odoo.addons.base.models.ir_cron: Job 'Base: Portal Users Deletion' (2) fully done (#loop 1; done 0; remaining 0; duration 0.03s) 
2026-02-02 12:12:11,706 193911 INFO lease_dev odoo.service.server: Initiating shutdown 
2026-02-02 12:12:11,708 193911 INFO lease_dev odoo.service.server: Hit CTRL-C again or send a second signal to force the shutdown. 
2026-02-02 12:12:12,125 193911 INFO lease_dev odoo.sql_db: ConnectionPool(read/write;used=0/count=0/max=64): Closed 4 connections  
2026-02-02 12:12:12,126 193911 INFO ? odoo.service.server: cron0 max age (0s) reached, releasing connection. 
