2026-02-02 12:14:21,076 196863 INFO ? odoo: Odoo version 17.0 
2026-02-02 12:14:21,076 196863 INFO ? odoo: Using configuration file at /opt/devs/apps-published/odoo17.conf 
2026-02-02 12:14:21,076 196863 INFO ? odoo: addons paths: ['/opt/devs/17.0/odoo/addons', '/home/bs617/.local/share/Odoo/addons/17.0', '/opt/devs/17.0/addons', '/opt/devs/apps-published'] 
2026-02-02 12:14:21,076 196863 INFO ? odoo: database: erp@localhost:5432 
2026-02-02 12:14:21,154 196863 INFO ? odoo.addons.base.models.ir_actions_report: Will use the Wkhtmltopdf binary at /usr/bin/wkhtmltopdf 
Address already in use
Port 7797 is in use by another program. Either identify and stop that program, or start the server with a different port.
2026-02-02 12:14:21,317 196863 INFO lease_dev_17 odoo.modules.loading: loading 1 modules... 
2026-02-02 12:14:21,322 196863 INFO lease_dev_17 odoo.modules.loading: 1 modules loaded in 0.00s, 0 queries (+0 extra) 
2026-02-02 12:14:21,336 196863 INFO lease_dev_17 odoo.modules.loading: loading 39 modules... 
2026-02-02 12:14:21,646 196863 INFO lease_dev_17 odoo.modules.loading: 39 modules loaded in 0.31s, 0 queries (+0 extra) 
2026-02-02 12:14:21,732 196863 INFO lease_dev_17 odoo.modules.loading: Modules loaded. 
2026-02-02 12:14:21,735 196863 INFO lease_dev_17 odoo.modules.registry: Registry loaded in 0.437s 
2026-02-02 12:14:32,193 196863 INFO lease_dev_17 odoo.service.server: Initiating shutdown 
2026-02-02 12:14:32,194 196863 INFO lease_dev_17 odoo.service.server: Hit CTRL-C again or send a second signal to force the shutdown. 
2026-02-02 12:14:32,194 196863 INFO lease_dev_17 odoo.sql_db: ConnectionPool(used=0/count=0/max=64): Closed 2 connections  
Exception in thread odoo.service.cron.cron0:
Traceback (most recent call last):
  File "/usr/lib/python3.10/threading.py", line 1016, in _bootstrap_inner
    self.run()
  File "/usr/lib/python3.10/threading.py", line 953, in run
    self._target(*self._args, **self._kwargs)
  File "/opt/devs/17.0/odoo/service/server.py", line 553, in target
    self.cron_thread(i)
  File "/opt/devs/17.0/odoo/service/server.py", line 535, in cron_thread
    _run_cron(cr)
  File "/opt/devs/17.0/odoo/service/server.py", line 519, in _run_cron
    pg_conn.poll()
psycopg2.InterfaceError: connection already closed
